\BOOKMARK [0][-]{section*.9}{\376\377\000L\000i\000s\000t\000\040\000o\000f\000\040\000F\000i\000g\000u\000r\000e\000s}{}% 1
\BOOKMARK [0][-]{section*.11}{\376\377\000L\000i\000s\000t\000\040\000o\000f\000\040\000T\000a\000b\000l\000e\000s}{}% 2
\BOOKMARK [0][-]{section*.13}{\376\377\000L\000i\000s\000t\000\040\000o\000f\000\040\000A\000l\000g\000o\000r\000i\000t\000h\000m\000s}{}% 3
\BOOKMARK [0][-]{section*.15}{\376\377\000L\000i\000s\000t\000\040\000o\000f\000\040\000S\000o\000u\000r\000c\000e\000\040\000C\000o\000d\000e}{}% 4
\BOOKMARK [0][-]{section*.17}{\376\377\000L\000i\000s\000t\000\040\000o\000f\000\040\000S\000y\000m\000b\000o\000l\000s}{}% 5
\BOOKMARK [0][-]{chapter.18}{\376\377\000T\000h\000e\000s\000i\000s\000\040\000S\000t\000r\000u\000c\000t\000u\000r\000e}{}% 6
\BOOKMARK [1][-]{section.19}{\376\377\000I\000n\000t\000r\000o\000d\000u\000c\000t\000i\000o\000n}{chapter.18}% 7
\BOOKMARK [1][-]{section.20}{\376\377\000S\000t\000r\000u\000c\000t\000u\000r\000e}{chapter.18}% 8
\BOOKMARK [1][-]{section.21}{\376\377\000F\000o\000r\000m\000a\000t\000t\000i\000n\000g}{chapter.18}% 9
\BOOKMARK [0][-]{chapter.22}{\376\377\000A\000b\000o\000u\000t\000\040\000L\000a\000T\000e\000X\000\040\000a\000n\000d\000\040\000H\000o\000w\000\040\000t\000o\000\040\000U\000s\000e\000\040\000T\000h\000i\000s\000\040\000T\000e\000m\000p\000l\000a\000t\000e}{}% 10
\BOOKMARK [1][-]{section.23}{\376\377\000L\000e\000a\000r\000n\000i\000n\000g\000\040\000L\000a\000T\000e\000X}{chapter.22}% 11
\BOOKMARK [2][-]{subsection.24}{\376\377\000A\000\040\000\050\000n\000o\000t\000\040\000s\000o\000\040\000s\000h\000o\000r\000t\000\051\000\040\000I\000n\000t\000r\000o\000d\000u\000c\000t\000i\000o\000n\000\040\000t\000o\000\040\000L\000a\000T\000e\000X}{section.23}% 12
\BOOKMARK [2][-]{subsection.25}{\376\377\000A\000\040\000S\000h\000o\000r\000t\000\040\000M\000a\000t\000h\000\040\000G\000u\000i\000d\000e\000\040\000f\000o\000r\000\040\000L\000a\000T\000e\000X}{section.23}% 13
\BOOKMARK [2][-]{subsection.27}{\376\377\000O\000b\000t\000a\000i\000n\000i\000n\000g\000\040\000L\000a\000T\000e\000X}{section.23}% 14
\BOOKMARK [1][-]{section.28}{\376\377\000G\000e\000t\000t\000i\000n\000g\000\040\000S\000t\000a\000r\000t\000e\000d\000\040\000w\000i\000t\000h\000\040\000t\000h\000i\000s\000\040\000T\000e\000m\000p\000l\000a\000t\000e}{chapter.22}% 15
\BOOKMARK [2][-]{subsection.29}{\376\377\000A\000b\000o\000u\000t\000\040\000t\000h\000i\000s\000\040\000T\000e\000m\000p\000l\000a\000t\000e}{section.28}% 16
\BOOKMARK [1][-]{section.30}{\376\377\000W\000h\000a\000t\000\040\000t\000h\000i\000s\000\040\000T\000e\000m\000p\000l\000a\000t\000e\000\040\000I\000n\000c\000l\000u\000d\000e\000s}{chapter.22}% 17
\BOOKMARK [2][-]{subsection.31}{\376\377\000F\000o\000l\000d\000e\000r\000s}{section.30}% 18
\BOOKMARK [2][-]{subsection.33}{\376\377\000F\000i\000l\000e\000s}{section.30}% 19
\BOOKMARK [2][-]{subsection.35}{\376\377\000B\000u\000i\000l\000d\000i\000n\000g\000\040\000t\000h\000e\000\040\000D\000o\000c\000u\000m\000e\000n\000t}{section.30}% 20
\BOOKMARK [1][-]{section.42}{\376\377\000F\000i\000l\000l\000i\000n\000g\000\040\000i\000n\000\040\000Y\000o\000u\000r\000\040\000I\000n\000f\000o\000r\000m\000a\000t\000i\000o\000n\000\040\000i\000n\000\040\000t\000h\000e\000\040\000m\000a\000i\000n\000.\000t\000e\000x\000\040\000F\000i\000l\000e}{chapter.22}% 21
\BOOKMARK [1][-]{section.43}{\376\377\000T\000h\000e\000\040\000m\000a\000i\000n\000.\000t\000e\000x\000\040\000F\000i\000l\000e\000\040\000E\000x\000p\000l\000a\000i\000n\000e\000d}{chapter.22}% 22
\BOOKMARK [1][-]{section.44}{\376\377\000F\000r\000o\000n\000t\000\040\000M\000a\000t\000t\000e\000r\000\040\000\050\000f\000r\000o\000n\000t\000m\000a\000t\000t\000e\000r\000/\000f\000r\000o\000n\000t\000m\000a\000t\000t\000e\000r\000.\000t\000e\000x\000\051}{chapter.22}% 23
\BOOKMARK [1][-]{section.45}{\376\377\000T\000h\000e\000s\000i\000s\000\040\000F\000e\000a\000t\000u\000r\000e\000s\000\040\000a\000n\000d\000\040\000C\000o\000n\000v\000e\000n\000t\000i\000o\000n\000s}{chapter.22}% 24
\BOOKMARK [2][-]{subsection.46}{\376\377\000P\000r\000i\000n\000t\000i\000n\000g\000\040\000F\000o\000r\000m\000a\000t}{section.45}% 25
\BOOKMARK [2][-]{subsection.47}{\376\377\000R\000e\000f\000e\000r\000e\000n\000c\000e\000s}{section.45}% 26
\BOOKMARK [2][-]{subsection.54}{\376\377\000T\000a\000b\000l\000e\000s}{section.45}% 27
\BOOKMARK [2][-]{subsection.56}{\376\377\000F\000i\000g\000u\000r\000e\000s}{section.45}% 28
\BOOKMARK [2][-]{subsection.59}{\376\377\000O\000t\000h\000e\000r\000\040\000U\000s\000e\000f\000u\000l\000\040\000C\000o\000m\000m\000a\000n\000d\000s}{section.45}% 29
\BOOKMARK [1][-]{section.60}{\376\377\000S\000e\000c\000t\000i\000o\000n\000i\000n\000g\000\040\000a\000n\000d\000\040\000S\000u\000b\000s\000e\000c\000t\000i\000o\000n\000i\000n\000g}{chapter.22}% 30
\BOOKMARK [1][-]{section.61}{\376\377\000I\000n\000\040\000C\000l\000o\000s\000i\000n\000g}{chapter.22}% 31
\BOOKMARK [0][-]{chapter.62}{\376\377\000A\000l\000g\000o\000r\000i\000t\000h\000m\000s\000,\000\040\000S\000o\000u\000r\000c\000e\000\040\000C\000o\000d\000e\000,\000\040\000t\000h\000e\000\040\000P\000o\000r\000t\000a\000b\000l\000e\000\040\000G\000r\000a\000p\000h\000i\000c\000s\000\040\000F\000o\000r\000m\000a\000t\000\040\000a\000n\000d\000\040\000A\000c\000r\000o\000n\000y\000m\000s}{}% 32
\BOOKMARK [1][-]{section.63}{\376\377\000A\000l\000g\000o\000r\000i\000t\000h\000m\000s}{chapter.62}% 33
\BOOKMARK [1][-]{section.65}{\376\377\000S\000o\000u\000r\000c\000e\000\040\000C\000o\000d\000e}{chapter.62}% 34
\BOOKMARK [1][-]{section.92}{\376\377\000T\000h\000e\000\040\000P\000o\000r\000t\000a\000b\000l\000e\000\040\000G\000r\000a\000p\000h\000i\000c\000s\000\040\000F\000o\000r\000m\000a\000t}{chapter.62}% 35
\BOOKMARK [2][-]{subsection.93}{\376\377\000T\000i\000K\000Z}{section.92}% 36
\BOOKMARK [2][-]{subsection.96}{\376\377\000P\000G\000F\000P\000L\000O\000T\000S}{section.92}% 37
\BOOKMARK [1][-]{section.98}{\376\377\000H\000a\000n\000d\000l\000i\000n\000g\000\040\000A\000c\000r\000o\000n\000y\000m\000s\000\040\000A\000u\000t\000o\000m\000a\000t\000i\000c\000a\000l\000l\000y}{chapter.62}% 38
\BOOKMARK [0][-]{appendix.100}{\376\377\000A\000p\000p\000e\000n\000d\000i\000x\000\040\000A\000p\000p\000e\000n\000d\000i\000x\000\040\000T\000i\000t\000l\000e\000\040\000H\000e\000r\000e}{}% 39
